---
http_interactions:
- request:
    method: get
    uri: https://us11.api.mailchimp.com/3.0/lists
    body:
      encoding: US-ASCII
      string: ''
    headers:
      Accept:
      - "*/*; q=0.5, application/xml"
      Accept-Encoding:
      - gzip, deflate
      Authorization:
      - apikey df8658fb18403e29ef4a8437a8eb3705-us11
      User-Agent:
      - Ruby
  response:
    status:
      code: 200
      message: OK
    headers:
      Server:
      - nginx
      Content-Type:
      - application/json; charset=utf-8
      Content-Length:
      - '3861'
      X-Request-Id:
      - 0daeb12a-c072-43b0-a940-ce55c09e3e69
      Link:
      - <https://us11.api.mailchimp.com/schema/3.0/Lists/Collection.json>; rel="describedBy"
      Vary:
      - Accept-Encoding
      Date:
      - Tue, 30 Jun 2015 18:36:28 GMT
      Connection:
      - keep-alive
    body:
      encoding: ASCII-8BIT
      string: '{"lists":[{"id":"e73f5910ca","name":"My first list","contact":{"company":"InSite
        Arts","address1":"300 Burdett Road","address2":"London","city":"London","state":"","zip":"E14
        7DQ","country":"262","phone":"07917153555"},"permission_reminder":"Opt-in
        only","use_archive_bar":true,"campaign_defaults":{"from_name":"Sam Sayers","from_email":"sam@sayers.cc","subject":"","language":"en"},"notify_on_subscribe":"","notify_on_unsubscribe":"","date_created":"2015-06-27T14:49:18+00:00","list_rating":0,"email_type_option":false,"subscribe_url_short":"http://eepurl.com/brGTO9","subscribe_url_long":"http://insitearts.us11.list-manage.com/subscribe?u=1dbca289fd41b54838bcbb501&id=e73f5910ca","beamer_address":"us11-6692a2b3c3-bcd2a8b144@inbound.mailchimp.com","visibility":"pub","modules":[],"stats":{"member_count":2,"unsubscribe_count":0,"cleaned_count":0,"member_count_since_send":2,"unsubscribe_count_since_send":0,"cleaned_count_since_send":0,"campaign_count":0,"campaign_last_sent":"","merge_field_count":2,"avg_sub_rate":0,"avg_unsub_rate":0,"target_sub_rate":0,"open_rate":0,"click_rate":0,"last_sub_date":"2015-06-27T14:50:39+00:00","last_unsub_date":""},"_links":[{"rel":"self","href":"https://us11.api.mailchimp.com/3.0/lists/e73f5910ca","method":"GET","targetSchema":"https://us11.api.mailchimp.com/schema/3.0/Lists/Instance.json"},{"rel":"parent","href":"https://us11.api.mailchimp.com/3.0/lists","method":"GET","targetSchema":"https://us11.api.mailchimp.com/schema/3.0/Lists/Collection.json"},{"rel":"update","href":"https://us11.api.mailchimp.com/3.0/lists/e73f5910ca","method":"PATCH","schema":"https://us11.api.mailchimp.com/schema/3.0/Lists/Instance.json"},{"rel":"delete","href":"https://us11.api.mailchimp.com/3.0/lists/e73f5910ca","method":"DELETE"},{"rel":"abuse-reports","href":"https://us11.api.mailchimp.com/3.0/lists/e73f5910ca/abuse-reports","method":"GET","targetSchema":"https://us11.api.mailchimp.com/schema/3.0/Lists/Abuse/Collection.json"},{"rel":"activity","href":"https://us11.api.mailchimp.com/3.0/lists/e73f5910ca/activity","method":"GET","targetSchema":"https://us11.api.mailchimp.com/schema/3.0/Lists/Activity/Collection.json"},{"rel":"clients","href":"https://us11.api.mailchimp.com/3.0/lists/e73f5910ca/clients","method":"GET","targetSchema":"https://us11.api.mailchimp.com/schema/3.0/Lists/Clients/Collection.json"},{"rel":"growth-history","href":"https://us11.api.mailchimp.com/3.0/lists/e73f5910ca/growth-history","method":"GET","targetSchema":"https://us11.api.mailchimp.com/schema/3.0/Lists/Growth/Collection.json"},{"rel":"interest-categories","href":"https://us11.api.mailchimp.com/3.0/lists/e73f5910ca/interest-categories","method":"GET","targetSchema":"https://us11.api.mailchimp.com/schema/3.0/Lists/InterestCategories/Collection.json"},{"rel":"members","href":"https://us11.api.mailchimp.com/3.0/lists/e73f5910ca/members","method":"GET","targetSchema":"https://us11.api.mailchimp.com/schema/3.0/Lists/Members/Collection.json"},{"rel":"merge-fields","href":"https://us11.api.mailchimp.com/3.0/lists/e73f5910ca/merge-fields","method":"GET","targetSchema":"https://us11.api.mailchimp.com/schema/3.0/Lists/MergeFields/Collection.json"},{"rel":"segments","href":"https://us11.api.mailchimp.com/3.0/lists/e73f5910ca/segments","method":"GET","targetSchema":"https://us11.api.mailchimp.com/schema/3.0/Lists/Segments/Collection.json"}]}],"_links":[{"rel":"self","href":"https://us11.api.mailchimp.com/3.0/lists","method":"GET","targetSchema":"https://us11.api.mailchimp.com/schema/3.0/Lists/Collection.json"},{"rel":"parent","href":"https://us11.api.mailchimp.com/3.0/","method":"GET","targetSchema":"https://us11.api.mailchimp.com/schema/3.0/Root.json"},{"rel":"create","href":"https://us11.api.mailchimp.com/3.0/lists","method":"POST","schema":"https://us11.api.mailchimp.com/schema/3.0/Lists/Instance.json"}],"total_items":1}'
    http_version: 
  recorded_at: Tue, 30 Jun 2015 18:36:28 GMT
- request:
    method: get
    uri: https://us11.api.mailchimp.com/3.0/lists/e73f5910ca/interest-categories
    body:
      encoding: US-ASCII
      string: ''
    headers:
      Accept:
      - "*/*; q=0.5, application/xml"
      Accept-Encoding:
      - gzip, deflate
      Authorization:
      - apikey df8658fb18403e29ef4a8437a8eb3705-us11
      User-Agent:
      - Ruby
  response:
    status:
      code: 200
      message: OK
    headers:
      Server:
      - nginx
      Content-Type:
      - application/json; charset=utf-8
      Content-Length:
      - '1967'
      X-Request-Id:
      - 616d279d-c8fb-4370-9205-fc6d5143eb1d
      Link:
      - <https://us11.api.mailchimp.com/schema/3.0/Lists/InterestCategories/Collection.json>;
        rel="describedBy"
      Vary:
      - Accept-Encoding
      Date:
      - Tue, 30 Jun 2015 18:36:28 GMT
      Connection:
      - keep-alive
    body:
      encoding: ASCII-8BIT
      string: '{"list_id":"e73f5910ca","categories":[{"list_id":"e73f5910ca","id":"2ce011eb68","title":"Colors","display_order":0,"type":"checkboxes","_links":[{"rel":"self","href":"https://us11.api.mailchimp.com/3.0/lists/e73f5910ca/interest-categories/2ce011eb68","method":"GET","targetSchema":"https://us11.api.mailchimp.com/schema/3.0/Lists/InterestCategories/Instance.json"},{"rel":"parent","href":"https://us11.api.mailchimp.com/3.0/lists/e73f5910ca/interest-categories","method":"GET","targetSchema":"https://us11.api.mailchimp.com/schema/3.0/Lists/InterestCategories/Collection.json"},{"rel":"update","href":"https://us11.api.mailchimp.com/3.0/lists/e73f5910ca/interest-categories/2ce011eb68","method":"PATCH","targetSchema":"https://us11.api.mailchimp.com/schema/3.0/Lists/InterestCategories/Instance.json","schema":"https://us11.api.mailchimp.com/schema/3.0/Lists/InterestCategories/Instance.json"},{"rel":"delete","href":"https://us11.api.mailchimp.com/3.0/lists/e73f5910ca/interest-categories/2ce011eb68","method":"DELETE"},{"rel":"interests","href":"https://us11.api.mailchimp.com/3.0/lists/e73f5910ca/interest-categories/2ce011eb68/interests","method":"GET","targetSchema":"https://us11.api.mailchimp.com/schema/3.0/Lists/Interests/Collection.json"}]}],"_links":[{"rel":"self","href":"https://us11.api.mailchimp.com/3.0/lists/e73f5910ca/interest-categories","method":"GET","targetSchema":"https://us11.api.mailchimp.com/schema/3.0/Lists/InterestCategories/Collection.json"},{"rel":"parent","href":"https://us11.api.mailchimp.com/3.0/lists/e73f5910ca/","method":"GET","targetSchema":"https://us11.api.mailchimp.com/schema/3.0/Lists/Instance.json"},{"rel":"create","href":"https://us11.api.mailchimp.com/3.0/lists/e73f5910ca/interest-categories","method":"POST","targetSchema":"https://us11.api.mailchimp.com/schema/3.0/Lists/InterestCategories/Instance.json","schema":"https://us11.api.mailchimp.com/schema/3.0/Lists/InterestCategories/Instance.json"}],"total_items":1}'
    http_version: 
  recorded_at: Tue, 30 Jun 2015 18:36:29 GMT
- request:
    method: get
    uri: https://us11.api.mailchimp.com/3.0/lists/e73f5910ca/members
    body:
      encoding: US-ASCII
      string: ''
    headers:
      Accept:
      - "*/*; q=0.5, application/xml"
      Accept-Encoding:
      - gzip, deflate
      Authorization:
      - apikey df8658fb18403e29ef4a8437a8eb3705-us11
      User-Agent:
      - Ruby
  response:
    status:
      code: 200
      message: OK
    headers:
      Server:
      - nginx
      Content-Type:
      - application/json; charset=utf-8
      Content-Length:
      - '4772'
      X-Request-Id:
      - 392939bb-4910-451e-9b07-802e8523645f
      Link:
      - <https://us11.api.mailchimp.com/schema/3.0/Lists/Members/Collection.json>;
        rel="describedBy"
      Vary:
      - Accept-Encoding
      Date:
      - Tue, 30 Jun 2015 18:36:28 GMT
      Connection:
      - keep-alive
    body:
      encoding: ASCII-8BIT
      string: '{"members":[{"id":"140b91c107d2058dee730e75be0b1151","email_address":"ann@sayers.cc","unique_email_id":"37a55cdc48","email_type":"html","status":"subscribed","merge_fields":{"FNAME":"Ann","LNAME":"Example"},"interests":{"3fbb48c043":false},"stats":{"avg_open_rate":0,"avg_click_rate":0},"ip_signup":"","timestamp_signup":"","ip_opt":"86.163.13.133","timestamp_opt":"2015-06-27
        14:50:15","member_rating":2,"last_changed":"2015-06-27T14:50:15+00:00","language":"","vip":false,"email_client":"","location":{"latitude":0,"longitude":0,"gmtoff":0,"dstoff":0,"country_code":"","timezone":""},"list_id":"e73f5910ca","_links":[{"rel":"self","href":"https://us11.api.mailchimp.com/3.0/lists/e73f5910ca/members/140b91c107d2058dee730e75be0b1151","method":"GET","targetSchema":"https://us11.api.mailchimp.com/schema/3.0/Lists/Members/Instance.json"},{"rel":"parent","href":"https://us11.api.mailchimp.com/3.0/lists/e73f5910ca/members","method":"GET","targetSchema":"https://us11.api.mailchimp.com/schema/3.0/Lists/Members/Collection.json"},{"rel":"update","href":"https://us11.api.mailchimp.com/3.0/lists/e73f5910ca/members/140b91c107d2058dee730e75be0b1151","method":"PATCH","schema":"https://us11.api.mailchimp.com/schema/3.0/Lists/Members/Instance.json"},{"rel":"delete","href":"https://us11.api.mailchimp.com/3.0/lists/e73f5910ca/members/140b91c107d2058dee730e75be0b1151","method":"DELETE"},{"rel":"activity","href":"https://us11.api.mailchimp.com/3.0/lists/e73f5910ca/members/140b91c107d2058dee730e75be0b1151/activity","method":"GET","targetSchema":"https://us11.api.mailchimp.com/schema/3.0/Lists/Members/Activity/Collection.json"},{"rel":"goals","href":"https://us11.api.mailchimp.com/3.0/lists/e73f5910ca/members/140b91c107d2058dee730e75be0b1151/goals","method":"GET","targetSchema":"https://us11.api.mailchimp.com/schema/3.0/Lists/Members/Goals/Collection.json"},{"rel":"notes","href":"https://us11.api.mailchimp.com/3.0/lists/e73f5910ca/members/140b91c107d2058dee730e75be0b1151/notes","method":"GET","targetSchema":"https://us11.api.mailchimp.com/schema/3.0/Lists/Members/Notes/Collection.json"}]},{"id":"a81216d35b4cbfa18632867228be02da","email_address":"bob@sayers.cc","unique_email_id":"3f73c23e26","email_type":"html","status":"subscribed","merge_fields":{"FNAME":"Bob","LNAME":"Example"},"interests":{"3fbb48c043":false},"stats":{"avg_open_rate":0,"avg_click_rate":0},"ip_signup":"","timestamp_signup":"","ip_opt":"86.163.13.133","timestamp_opt":"2015-06-27
        14:50:39","member_rating":2,"last_changed":"2015-06-27T14:50:39+00:00","language":"","vip":false,"email_client":"","location":{"latitude":0,"longitude":0,"gmtoff":0,"dstoff":0,"country_code":"","timezone":""},"list_id":"e73f5910ca","_links":[{"rel":"self","href":"https://us11.api.mailchimp.com/3.0/lists/e73f5910ca/members/a81216d35b4cbfa18632867228be02da","method":"GET","targetSchema":"https://us11.api.mailchimp.com/schema/3.0/Lists/Members/Instance.json"},{"rel":"parent","href":"https://us11.api.mailchimp.com/3.0/lists/e73f5910ca/members","method":"GET","targetSchema":"https://us11.api.mailchimp.com/schema/3.0/Lists/Members/Collection.json"},{"rel":"update","href":"https://us11.api.mailchimp.com/3.0/lists/e73f5910ca/members/a81216d35b4cbfa18632867228be02da","method":"PATCH","schema":"https://us11.api.mailchimp.com/schema/3.0/Lists/Members/Instance.json"},{"rel":"delete","href":"https://us11.api.mailchimp.com/3.0/lists/e73f5910ca/members/a81216d35b4cbfa18632867228be02da","method":"DELETE"},{"rel":"activity","href":"https://us11.api.mailchimp.com/3.0/lists/e73f5910ca/members/a81216d35b4cbfa18632867228be02da/activity","method":"GET","targetSchema":"https://us11.api.mailchimp.com/schema/3.0/Lists/Members/Activity/Collection.json"},{"rel":"goals","href":"https://us11.api.mailchimp.com/3.0/lists/e73f5910ca/members/a81216d35b4cbfa18632867228be02da/goals","method":"GET","targetSchema":"https://us11.api.mailchimp.com/schema/3.0/Lists/Members/Goals/Collection.json"},{"rel":"notes","href":"https://us11.api.mailchimp.com/3.0/lists/e73f5910ca/members/a81216d35b4cbfa18632867228be02da/notes","method":"GET","targetSchema":"https://us11.api.mailchimp.com/schema/3.0/Lists/Members/Notes/Collection.json"}]}],"list_id":"e73f5910ca","_links":[{"rel":"self","href":"https://us11.api.mailchimp.com/3.0/lists/e73f5910ca/members","method":"GET","targetSchema":"https://us11.api.mailchimp.com/schema/3.0/Lists/Members/Collection.json"},{"rel":"parent","href":"https://us11.api.mailchimp.com/3.0/lists/e73f5910ca","method":"GET","targetSchema":"https://us11.api.mailchimp.com/schema/3.0/Lists/Instance.json"},{"rel":"create","href":"https://us11.api.mailchimp.com/3.0/lists/e73f5910ca/members","method":"POST","schema":"https://us11.api.mailchimp.com/schema/3.0/Lists/Members/Instance.json"}],"total_items":2}'
    http_version: 
  recorded_at: Tue, 30 Jun 2015 18:36:29 GMT
- request:
    method: get
    uri: https://us11.api.mailchimp.com/3.0
    body:
      encoding: US-ASCII
      string: ''
    headers:
      Accept:
      - "*/*; q=0.5, application/xml"
      Accept-Encoding:
      - gzip, deflate
      Authorization:
      - apikey df8658fb18403e29ef4a8437a8eb3705-us11
      User-Agent:
      - Ruby
  response:
    status:
      code: 301
      message: Moved Permanently
    headers:
      Server:
      - nginx
      Content-Type:
      - text/html; charset=iso-8859-1
      Content-Length:
      - '242'
      Location:
      - http://us11.api.mailchimp.com/3.0/
      Date:
      - Tue, 30 Jun 2015 18:36:28 GMT
      Connection:
      - keep-alive
    body:
      encoding: UTF-8
      string: |
        <!DOCTYPE HTML PUBLIC "-//IETF//DTD HTML 2.0//EN">
        <html><head>
        <title>301 Moved Permanently</title>
        </head><body>
        <h1>Moved Permanently</h1>
        <p>The document has moved <a href="http://us11.api.mailchimp.com/3.0/">here</a>.</p>
        </body></html>
    http_version: 
  recorded_at: Tue, 30 Jun 2015 18:36:29 GMT
- request:
    method: get
    uri: http://us11.api.mailchimp.com/3.0/
    body:
      encoding: US-ASCII
      string: ''
    headers:
      Accept:
      - "*/*; q=0.5, application/xml"
      Accept-Encoding:
      - gzip, deflate
      Authorization:
      - apikey df8658fb18403e29ef4a8437a8eb3705-us11
      Cookie:
      - ''
      User-Agent:
      - Ruby
  response:
    status:
      code: 200
      message: OK
    headers:
      Server:
      - nginx
      Content-Type:
      - application/json; charset=utf-8
      Content-Length:
      - '2003'
      X-Request-Id:
      - 1db1f305-2722-40ac-990b-68ff397fc4a9
      Link:
      - <https://us11.api.mailchimp.com/schema/3.0/Root.json>; rel="describedBy"
      Vary:
      - Accept-Encoding
      Date:
      - Tue, 30 Jun 2015 18:36:28 GMT
      Connection:
      - keep-alive
    body:
      encoding: ASCII-8BIT
      string: '{"account_id":"1dbca289fd41b54838bcbb501","account_name":"InSite Arts","contact":{"company":"InSite
        Arts","addr1":"300 Burdett Road","addr2":"London","city":"London","state":"","zip":"E14
        7DQ","country":"GB"},"last_login":"2015-06-27 14:45:42","total_subscribers":2,"_links":[{"rel":"self","href":"https://us11.api.mailchimp.com/3.0/","method":"GET","targetSchema":"https://us11.api.mailchimp.com/schema/3.0/Root.json"},{"rel":"lists","href":"https://us11.api.mailchimp.com/3.0/lists","method":"GET","targetSchema":"https://us11.api.mailchimp.com/schema/3.0/Lists/Collection.json"},{"rel":"reports","href":"https://us11.api.mailchimp.com/3.0/reports","method":"GET","targetSchema":"https://us11.api.mailchimp.com/schema/3.0/Reports/Collection.json","schema":"https://us11.api.mailchimp.com/schema/3.0/CollectionLinks/Reports.json"},{"rel":"conversations","href":"https://us11.api.mailchimp.com/3.0/conversations","method":"GET","targetSchema":"https://us11.api.mailchimp.com/schema/3.0/Conversations/Collection.json"},{"rel":"campaigns","href":"https://us11.api.mailchimp.com/3.0/campaigns","method":"GET","targetSchema":"https://us11.api.mailchimp.com/schema/3.0/Campaigns/Collection.json","schema":"https://us11.api.mailchimp.com/schema/3.0/CollectionLinks/Campaigns.json"},{"rel":"automations","href":"https://us11.api.mailchimp.com/3.0/automations","method":"GET","targetSchema":"https://us11.api.mailchimp.com/schema/3.0/Automations/Collection.json"},{"rel":"templates","href":"https://us11.api.mailchimp.com/3.0/templates","method":"GET","targetSchema":"https://us11.api.mailchimp.com/schema/3.0/Templates/Collection.json"},{"rel":"file-manager","href":"https://us11.api.mailchimp.com/3.0/file-manager","method":"GET","targetSchema":"https://us11.api.mailchimp.com/schema/3.0/FileManager/Namespace.json"},{"rel":"authorized-apps","href":"https://us11.api.mailchimp.com/3.0/authorized-apps","method":"GET","targetSchema":"https://us11.api.mailchimp.com/schema/3.0/AuthorizedApps/Collection.json"}]}'
    http_version: 
  recorded_at: Tue, 30 Jun 2015 18:36:29 GMT
- request:
    method: get
    uri: https://us11.api.mailchimp.com/3.0/lists/e73f5910ca/interest-categories/2ce011eb68/interests
    body:
      encoding: US-ASCII
      string: ''
    headers:
      Accept:
      - "*/*; q=0.5, application/xml"
      Accept-Encoding:
      - gzip, deflate
      Authorization:
      - apikey df8658fb18403e29ef4a8437a8eb3705-us11
      User-Agent:
      - Ruby
  response:
    status:
      code: 200
      message: OK
    headers:
      Server:
      - nginx
      Content-Type:
      - application/json; charset=utf-8
      Content-Length:
      - '1880'
      X-Request-Id:
      - 652a1dc9-0a39-411d-a852-ea6c67fb0ff8
      Link:
      - <https://us11.api.mailchimp.com/schema/3.0/Lists/Interests/Collection.json>;
        rel="describedBy"
      Vary:
      - Accept-Encoding
      Date:
      - Tue, 30 Jun 2015 18:36:29 GMT
      Connection:
      - keep-alive
    body:
      encoding: ASCII-8BIT
      string: '{"interests":[{"category_id":"2ce011eb68","list_id":"e73f5910ca","id":"3fbb48c043","name":"red","display_order":1,"_links":[{"rel":"self","href":"https://us11.api.mailchimp.com/3.0/lists/e73f5910ca/interest-categories/2ce011eb68/interests/3fbb48c043","method":"GET","targetSchema":"https://us11.api.mailchimp.com/schema/3.0/Lists/Interests/Instance.json"},{"rel":"parent","href":"https://us11.api.mailchimp.com/3.0/lists/e73f5910ca/interest-categories/2ce011eb68/interests","method":"GET","targetSchema":"https://us11.api.mailchimp.com/schema/3.0/Lists/Interests/Collection.json"},{"rel":"update","href":"https://us11.api.mailchimp.com/3.0/lists/e73f5910ca/interest-categories/2ce011eb68/interests/3fbb48c043","method":"PATCH","targetSchema":"https://us11.api.mailchimp.com/schema/3.0/Lists/Interests/Instance.json","schema":"https://us11.api.mailchimp.com/schema/3.0/Lists/Interests/Instance.json"},{"rel":"delete","href":"https://us11.api.mailchimp.com/3.0/lists/e73f5910ca/interest-categories/2ce011eb68/interests/3fbb48c043","method":"DELETE"}]}],"list_id":"e73f5910ca","category_id":"2ce011eb68","_links":[{"rel":"self","href":"https://us11.api.mailchimp.com/3.0/lists/e73f5910ca/interest-categories/2ce011eb68/interests","method":"GET","targetSchema":"https://us11.api.mailchimp.com/schema/3.0/Lists/Interests/Collection.json"},{"rel":"parent","href":"https://us11.api.mailchimp.com/3.0/lists/e73f5910ca/interest-categories/2ce011eb68","method":"GET","targetSchema":"https://us11.api.mailchimp.com/schema/3.0/Lists/InterestCategories/Instance.json"},{"rel":"create","href":"https://us11.api.mailchimp.com/3.0/lists/e73f5910ca/interest-categories/2ce011eb68/interests","method":"POST","targetSchema":"https://us11.api.mailchimp.com/schema/3.0/Lists/Interests/Instance.json","schema":"https://us11.api.mailchimp.com/schema/3.0/Lists/Interests/Instance.json"}],"total_items":1}'
    http_version: 
  recorded_at: Tue, 30 Jun 2015 18:36:29 GMT
- request:
    method: get
    uri: https://us11.api.mailchimp.com/3.0
    body:
      encoding: US-ASCII
      string: ''
    headers:
      Accept:
      - "*/*; q=0.5, application/xml"
      Accept-Encoding:
      - gzip, deflate
      Authorization:
      - apikey xxxxxxxxxx-us11
      User-Agent:
      - Ruby
  response:
    status:
      code: 301
      message: Moved Permanently
    headers:
      Server:
      - nginx
      Content-Type:
      - text/html; charset=iso-8859-1
      Content-Length:
      - '242'
      Location:
      - http://us11.api.mailchimp.com/3.0/
      Date:
      - Tue, 30 Jun 2015 18:36:29 GMT
      Connection:
      - keep-alive
    body:
      encoding: UTF-8
      string: |
        <!DOCTYPE HTML PUBLIC "-//IETF//DTD HTML 2.0//EN">
        <html><head>
        <title>301 Moved Permanently</title>
        </head><body>
        <h1>Moved Permanently</h1>
        <p>The document has moved <a href="http://us11.api.mailchimp.com/3.0/">here</a>.</p>
        </body></html>
    http_version: 
  recorded_at: Tue, 30 Jun 2015 18:36:30 GMT
- request:
    method: get
    uri: http://us11.api.mailchimp.com/3.0/
    body:
      encoding: US-ASCII
      string: ''
    headers:
      Accept:
      - "*/*; q=0.5, application/xml"
      Accept-Encoding:
      - gzip, deflate
      Authorization:
      - apikey xxxxxxxxxx-us11
      Cookie:
      - ''
      User-Agent:
      - Ruby
  response:
    status:
      code: 401
      message: Unauthorized
    headers:
      Server:
      - nginx
      Content-Type:
      - application/problem+json; charset=utf-8
      Content-Length:
      - '250'
      Link:
      - <https://us11.api.mailchimp.com/schema/3.0/ProblemDetailDocument.json>; rel="describedBy"
      Vary:
      - Accept-Encoding
      Date:
      - Tue, 30 Jun 2015 18:36:29 GMT
      Connection:
      - keep-alive
    body:
      encoding: ASCII-8BIT
      string: '{"type":"http://kb.mailchimp.com/api/error-docs/401-api-key-invalid","title":"API
        Key Invalid","status":401,"detail":"Your API key may be invalid, or you''ve
        attempted to access the wrong datacenter.","instance":"72a7641a-854f-488c-9f01-ec6e77fc8083"}'
    http_version: 
  recorded_at: Tue, 30 Jun 2015 18:36:30 GMT
recorded_with: VCR 2.9.3
